router_eligible_device_app.c:512:13:APP_ThrNwkJoin	8	static
router_eligible_device_app.c:784:13:APP_JoinEventsHandler	8	static
router_eligible_device_app.c:530:13:App_JoinTimerCallback	8	static
router_eligible_device_app.c:665:13:APP_AppModeHandleKeyboard	8	static
router_eligible_device_app.c:760:13:App_UpdateStateLeds	8	static
router_eligible_device_app.c:551:13:APP_ConfigModeSwShortPressHandler	8	static
router_eligible_device_app.c:622:13:APP_ConfigModeHandleKeyboard	8	static
router_eligible_device_app.c:734:13:App_HandleKeyboard	8	static
router_eligible_device_app.c:1387:13:App_RestoreLeaderLed	8	static
router_eligible_device_app.c:1120:13:APP_LocalDataSinkRelease	24	static
router_eligible_device_app.c:919:20:APP_SendDataSinkCommand	32	static
router_eligible_device_app.c:970:13:APP_SendDataSinkRelease	24	static
router_eligible_device_app.c:832:13:APP_CoapGenericCallback	8	static
router_eligible_device_app.c:1348:13:APP_CoapSinkCb	16	static
router_eligible_device_app.c:1173:13:APP_ProcessLedCmd	24	static
router_eligible_device_app.c:994:13:APP_SendLedCommand	24	static
router_eligible_device_app.c:1102:13:APP_SendLedColorWheel	32	static
router_eligible_device_app.c:1085:13:APP_SendLedFlash	16	static
router_eligible_device_app.c:1068:13:APP_SendLedRgbOff	40	static
router_eligible_device_app.c:1143:13:APP_CoapLedCb	16	static
router_eligible_device_app.c:1037:13:APP_SendLedRgbOn	56	static
router_eligible_device_app.c:870:13:APP_ReportTemp	24	static
router_eligible_device_app.c:948:13:APP_SendDataSinkCreate	16	static
router_eligible_device_app.c:486:13:APP_InitCoapDemo	80	static
router_eligible_device_app.c:1277:13:APP_CoapTempCb	88	static
router_eligible_device_app.c:179:6:APP_Init	8	static
router_eligible_device_app.c:243:6:APP_Handler	8	static
router_eligible_device_app.c:268:6:APP_NwkScanHandler	16	static
router_eligible_device_app.c:294:6:Stack_to_APP_Handler	16	static
router_eligible_device_app.c:402:6:APP_Commissioning_Handler	72	static
router_eligible_device_app.c:470:6:App_RestoreLeaderLedCb	8	static
